
node.exe : 
At line:1 char:1
+ & "C:\Program Files\nodejs/node.exe" "C:\Program Files\nodejs/node_mo ...
+ ~~~~~~~~~~~~~~~~~~~~~~~~~~~~~~~~~~~~~~~~~~~~~~~~~~~~~~~~~~~~~~~~~~~~~
    + CategoryInfo          : NotSpecified: (:String) [], RemoteException
    + FullyQualifiedErrorId : NativeCommandError
 
DevTools listening on ws://127.0.0.1:49449/devtools/browser/3a0acef3-620d-4a54-a34b-4be6b434bc4d

====================================================================================================

  (Run Starting)

  ÔöîÔöÇÔöÇÔöÇÔöÇÔöÇÔöÇÔöÇÔöÇÔöÇÔöÇÔöÇÔöÇÔöÇÔöÇÔöÇÔöÇÔöÇÔöÇÔöÇÔöÇÔöÇÔöÇÔöÇÔöÇÔöÇÔöÇÔöÇÔöÇÔöÇÔöÇÔöÇÔöÇÔöÇÔöÇÔöÇÔöÇÔöÇÔöÇÔöÇÔöÇÔöÇÔöÇÔöÇÔöÇÔöÇÔöÇÔöÇÔöÇÔöÇÔöÇÔöÇÔöÇÔöÇÔöÇÔöÇÔöÇÔöÇÔöÇÔöÇÔöÇÔöÇÔöÇÔöÇÔöÇÔöÇÔöÇÔöÇÔöÇÔöÇÔöÇÔöÇÔöÇÔöÇÔöÇÔöÇÔöÇÔöÇÔöÇÔöÇÔöÇÔöÇÔöÇÔöÇÔöÇÔöÇÔöÇÔöÇÔöÇÔöÇÔöÇÔöÇÔöÇÔöÇÔöÇÔöÇÔöÇÔöÉ
  Ôöé Cypress:        15.9.0                                                                         Ôöé
  Ôöé Browser:        Electron 138 (headless)                                                        Ôöé
  Ôöé Node Version:   v24.11.1 (C:\Program Files\nodejs\node.exe)                                    Ôöé
  Ôöé Specs:          1 found (login.cy.js)                                                          Ôöé
  Ôöé Searched:       cypress/e2e/**/*.cy.{js,jsx,ts,tsx}                                            Ôöé
  ÔööÔöÇÔöÇÔöÇÔöÇÔöÇÔöÇÔöÇÔöÇÔöÇÔöÇÔöÇÔöÇÔöÇÔöÇÔöÇÔöÇÔöÇÔöÇÔöÇÔöÇÔöÇÔöÇÔöÇÔöÇÔöÇÔöÇÔöÇÔöÇÔöÇÔöÇÔöÇÔöÇÔöÇÔöÇÔöÇÔöÇÔöÇÔöÇÔöÇÔöÇÔöÇÔöÇÔöÇÔöÇÔöÇÔöÇÔöÇÔöÇÔöÇÔöÇÔöÇÔöÇÔöÇÔöÇÔöÇÔöÇÔöÇÔöÇÔöÇÔöÇÔöÇÔöÇÔöÇÔöÇÔöÇÔöÇÔöÇÔöÇÔöÇÔöÇÔöÇÔöÇÔöÇÔöÇÔöÇÔöÇÔöÇÔöÇÔöÇÔöÇÔöÇÔöÇÔöÇÔöÇÔöÇÔöÇÔöÇÔöÇÔöÇÔöÇÔöÇÔöÇÔöÇÔöÇÔöÇÔöÇÔöİ


ÔöÇÔöÇÔöÇÔöÇÔöÇÔöÇÔöÇÔöÇÔöÇÔöÇÔöÇÔöÇÔöÇÔöÇÔöÇÔöÇÔöÇÔöÇÔöÇÔöÇÔöÇÔöÇÔöÇÔöÇÔöÇÔöÇÔöÇÔöÇÔöÇÔöÇÔöÇÔöÇÔöÇÔöÇÔöÇÔöÇÔöÇÔöÇÔöÇÔöÇÔöÇÔöÇÔöÇÔöÇÔöÇÔöÇÔöÇÔöÇÔöÇÔöÇÔöÇÔöÇÔöÇÔöÇÔöÇÔöÇÔöÇÔöÇÔöÇÔöÇÔöÇÔöÇÔöÇÔöÇÔöÇÔöÇÔöÇÔöÇÔöÇÔöÇÔöÇÔöÇÔöÇÔöÇÔöÇÔöÇÔöÇÔöÇÔöÇÔöÇÔöÇÔöÇÔöÇÔöÇÔöÇÔöÇÔöÇÔöÇÔöÇÔöÇÔöÇÔöÇÔöÇÔöÇÔöÇÔöÇÔöÇÔöÇÔöÇÔöÇ
                                                                                                    
  Running:  login.cy.js                                                                     (1 of 1)


  Login Form E2E Testleri
    1) "before each" hook for "Ba┼şar─▒l─▒ form submit edebiliyor"


  0 passing (1s)
  1 failing

  1) Login Form E2E Testleri
       "before each" hook for "Ba┼şar─▒l─▒ form submit edebiliyor":
     CypressError: `cy.visit()` failed trying to load:

http://localhost:5173/

We attempted to make an http request to this URL but the request failed without a response.

We received this error at the network level:

  > AggregateError

Common situations why this would fail:
  - you don't have internet access
  - you forgot to run / boot your web server
  - your web server isn't accessible
  - you have weird network configuration settings on your computer

Because this error occurred during a `before each` hook we are skipping the remaining tests in the current suite: `Login Form E2E Testleri`
      at <unknown> (http://localhost:49450/__cypress/runner/cypress_runner.js:134880:74)
      at visitFailedByErr (http://localhost:49450/__cypress/runner/cypress_runner.js:134454:12)
      at <unknown> (http://localhost:49450/__cypress/runner/cypress_runner.js:134879:11)
      at tryCatcher (http://localhost:49450/__cypress/runner/cypress_runner.js:1777:23)
      at Promise._settlePromiseFromHandler (http://localhost:49450/__cypress/runner/cypress_runner.js:1489:31)
      at Promise._settlePromise (http://localhost:49450/__cypress/runner/cypress_runner.js:1546:18)
      at Promise._settlePromise0 (http://localhost:49450/__cypress/runner/cypress_runner.js:1591:10)
      at Promise._settlePromises (http://localhost:49450/__cypress/runner/cypress_runner.js:1667:18)
      at _drainQueueStep (http://localhost:49450/__cypress/runner/cypress_runner.js:2377:12)
      at _drainQueue (http://localhost:49450/__cypress/runner/cypress_runner.js:2370:9)
      at Async._drainQueues (http://localhost:49450/__cypress/runner/cypress_runner.js:2386:5)
      at Async.drainQueues (http://localhost:49450/__cypress/runner/cypress_runner.js:2256:14)
  From Your Spec Code:
      at Context.eval (webpack://login-e2e/./cypress/e2e/login.cy.js:3:7)
  
  From Node.js Internals:
    AggregateError [ECONNREFUSED]: 
        at internalConnectMultiple (node:net:1134:18)
        at afterConnectMultiple (node:net:1715:7)




  (Results)

  ÔöîÔöÇÔöÇÔöÇÔöÇÔöÇÔöÇÔöÇÔöÇÔöÇÔöÇÔöÇÔöÇÔöÇÔöÇÔöÇÔöÇÔöÇÔöÇÔöÇÔöÇÔöÇÔöÇÔöÇÔöÇÔöÇÔöÇÔöÇÔöÇÔöÇÔöÇÔöÇÔöÇÔöÇÔöÇÔöÇÔöÇÔöÇÔöÇÔöÇÔöÇÔöÇÔöÇÔöÇÔöÇÔöÇÔöÇÔöÇÔöÇÔöÇÔöÇÔöÇÔöÇÔöÇÔöÇÔöÇÔöÇÔöÇÔöÇÔöÇÔöÇÔöÇÔöÇÔöÇÔöÇÔöÇÔöÇÔöÇÔöÇÔöÇÔöÇÔöÇÔöÇÔöÇÔöÇÔöÇÔöÇÔöÇÔöÇÔöÇÔöÇÔöÇÔöÇÔöÇÔöÇÔöÇÔöÇÔöÇÔöÇÔöÇÔöÇÔöÇÔöÇÔöÇÔöÇÔöÇÔöÇÔöÉ
  Ôöé Tests:        3                                                                                Ôöé
  Ôöé Passing:      0                                                                                Ôöé
  Ôöé Failing:      1                                                                                Ôöé
  Ôöé Pending:      0                                                                                Ôöé
  Ôöé Skipped:      2                                                                                Ôöé
  Ôöé Screenshots:  1                                                                                Ôöé
  Ôöé Video:        false                                                                            Ôöé
  Ôöé Duration:     1 second                                                                         Ôöé
  Ôöé Spec Ran:     login.cy.js                                                                      Ôöé
  ÔööÔöÇÔöÇÔöÇÔöÇÔöÇÔöÇÔöÇÔöÇÔöÇÔöÇÔöÇÔöÇÔöÇÔöÇÔöÇÔöÇÔöÇÔöÇÔöÇÔöÇÔöÇÔöÇÔöÇÔöÇÔöÇÔöÇÔöÇÔöÇÔöÇÔöÇÔöÇÔöÇÔöÇÔöÇÔöÇÔöÇÔöÇÔöÇÔöÇÔöÇÔöÇÔöÇÔöÇÔöÇÔöÇÔöÇÔöÇÔöÇÔöÇÔöÇÔöÇÔöÇÔöÇÔöÇÔöÇÔöÇÔöÇÔöÇÔöÇÔöÇÔöÇÔöÇÔöÇÔöÇÔöÇÔöÇÔöÇÔöÇÔöÇÔöÇÔöÇÔöÇÔöÇÔöÇÔöÇÔöÇÔöÇÔöÇÔöÇÔöÇÔöÇÔöÇÔöÇÔöÇÔöÇÔöÇÔöÇÔöÇÔöÇÔöÇÔöÇÔöÇÔöÇÔöÇÔöÇÔöÇÔöİ


  (Screenshots)

  -  C:\Users\adem.karsli\Documents\Projects\login-e2e\cypress\screenshots\login.cy.j     (1280x720)
     s\Login Form E2E Testleri -- Ba┼şar─▒l─▒ form submit edebiliyor -- before each hook               
      (failed).png                                                                                  


====================================================================================================

  (Run Finished)


       Spec                                              Tests  Passing  Failing  Pending  Skipped  
  ÔöîÔöÇÔöÇÔöÇÔöÇÔöÇÔöÇÔöÇÔöÇÔöÇÔöÇÔöÇÔöÇÔöÇÔöÇÔöÇÔöÇÔöÇÔöÇÔöÇÔöÇÔöÇÔöÇÔöÇÔöÇÔöÇÔöÇÔöÇÔöÇÔöÇÔöÇÔöÇÔöÇÔöÇÔöÇÔöÇÔöÇÔöÇÔöÇÔöÇÔöÇÔöÇÔöÇÔöÇÔöÇÔöÇÔöÇÔöÇÔöÇÔöÇÔöÇÔöÇÔöÇÔöÇÔöÇÔöÇÔöÇÔöÇÔöÇÔöÇÔöÇÔöÇÔöÇÔöÇÔöÇÔöÇÔöÇÔöÇÔöÇÔöÇÔöÇÔöÇÔöÇÔöÇÔöÇÔöÇÔöÇÔöÇÔöÇÔöÇÔöÇÔöÇÔöÇÔöÇÔöÇÔöÇÔöÇÔöÇÔöÇÔöÇÔöÇÔöÇÔöÇÔöÇÔöÇÔöÇÔöÇÔöÉ
  Ôöé ├ù  login.cy.js                              00:01        3        -        1        -        2 Ôöé
  ÔööÔöÇÔöÇÔöÇÔöÇÔöÇÔöÇÔöÇÔöÇÔöÇÔöÇÔöÇÔöÇÔöÇÔöÇÔöÇÔöÇÔöÇÔöÇÔöÇÔöÇÔöÇÔöÇÔöÇÔöÇÔöÇÔöÇÔöÇÔöÇÔöÇÔöÇÔöÇÔöÇÔöÇÔöÇÔöÇÔöÇÔöÇÔöÇÔöÇÔöÇÔöÇÔöÇÔöÇÔöÇÔöÇÔöÇÔöÇÔöÇÔöÇÔöÇÔöÇÔöÇÔöÇÔöÇÔöÇÔöÇÔöÇÔöÇÔöÇÔöÇÔöÇÔöÇÔöÇÔöÇÔöÇÔöÇÔöÇÔöÇÔöÇÔöÇÔöÇÔöÇÔöÇÔöÇÔöÇÔöÇÔöÇÔöÇÔöÇÔöÇÔöÇÔöÇÔöÇÔöÇÔöÇÔöÇÔöÇÔöÇÔöÇÔöÇÔöÇÔöÇÔöÇÔöÇÔöÇÔöÇÔöİ
    ├ù  1 of 1 failed (100%)                     00:01        3        -        1        -        2  

